{
  "Group1": null,
  "Group2": null,
  "4711": null
}