{
  "Group1": null,
  "4711": null,
  "Group2": ["1337"]
}